// Jest Snapshot v1, https://goo.gl/fbAQLP

exports[`Menu renders empty menu correctly 1`] = `<nav />`;

exports[`Menu renders menu with items correctly 1`] = `
<nav>
  <a
    href="/"
  >
    home
  </a>
  <a
    href="/about"
  >
    about
  </a>
</nav>
`;
